exports[`test Renders inline variant 1`] = `
<span
  className="view_18uv8rq"
  data-test-id={undefined} />
`;

exports[`test Renders theme 1`] = `
<div
  className="view_1ps7m7i"
  data-test-id={undefined} />
`;

exports[`test Renders without props 1`] = `
<div
  className="view_1ps7m7i"
  data-test-id={undefined} />
`;
